	at org.gradle.api.internal.tasks.execution.ExecuteActionsTaskExecuter.executeIfValid(ExecuteActionsTaskExecuter.java:127)
	at org.gradle.api.internal.tasks.execution.ExecuteActionsTaskExecuter.execute(ExecuteActionsTaskExecuter.java:116)
	at org.gradle.api.internal.tasks.execution.ProblemsTaskPathTrackingTaskExecuter.execute(ProblemsTaskPathTrackingTaskExecuter.java:41)
	at org.gradle.api.internal.tasks.execution.FinalizePropertiesTaskExecuter.execute(FinalizePropertiesTaskExecuter.java:46)
	at org.gradle.api.internal.tasks.execution.ResolveTaskExecutionModeExecuter.execute(ResolveTaskExecutionModeExecuter.java:51)
	at org.gradle.api.internal.tasks.execution.SkipTaskWithNoActionsExecuter.execute(SkipTaskWithNoActionsExecuter.java:57)
	at org.gradle.api.internal.tasks.execution.SkipOnlyIfTaskExecuter.execute(SkipOnlyIfTaskExecuter.java:74)
	at org.gradle.api.internal.tasks.execution.CatchExceptionTaskExecuter.execute(CatchExceptionTaskExecuter.java:36)
	at org.gradle.api.internal.tasks.execution.EventFiringTaskExecuter$1.executeTask(EventFiringTaskExecuter.java:77)
	at org.gradle.api.internal.tasks.execution.EventFiringTaskExecuter$1.call(EventFiringTaskExecuter.java:55)
	at org.gradle.api.internal.tasks.execution.EventFiringTaskExecuter$1.call(EventFiringTaskExecuter.java:52)
	at org.gradle.internal.operations.DefaultBuildOperationRunner$CallableBuildOperationWorker.execute(DefaultBuildOperationRunner.java:210)
	at org.gradle.internal.operations.DefaultBuildOperationRunner$CallableBuildOperationWorker.execute(DefaultBuildOperationRunner.java:205)
	at org.gradle.internal.operations.DefaultBuildOperationRunner$2.execute(DefaultBuildOperationRunner.java:67)
	at org.gradle.internal.operations.DefaultBuildOperationRunner$2.execute(DefaultBuildOperationRunner.java:60)
	at org.gradle.internal.operations.DefaultBuildOperationRunner.execute(DefaultBuildOperationRunner.java:167)
	at org.gradle.internal.operations.DefaultBuildOperationRunner.execute(DefaultBuildOperationRunner.java:60)
	at org.gradle.internal.operations.DefaultBuildOperationRunner.call(DefaultBuildOperationRunner.java:54)
	at org.gradle.api.internal.tasks.execution.EventFiringTaskExecuter.execute(EventFiringTaskExecuter.java:52)
	at org.gradle.execution.plan.LocalTaskNodeExecutor.execute(LocalTaskNodeExecutor.java:42)
	at org.gradle.execution.taskgraph.DefaultTaskExecutionGraph$InvokeNodeExecutorsAction.execute(DefaultTaskExecutionGraph.java:331)
	at org.gradle.execution.taskgraph.DefaultTaskExecutionGraph$InvokeNodeExecutorsAction.execute(DefaultTaskExecutionGraph.java:318)
	at org.gradle.execution.taskgraph.DefaultTaskExecutionGraph$BuildOperationAwareExecutionAction.lambda$execute$0(DefaultTaskExecutionGraph.java:314)
	at org.gradle.internal.operations.CurrentBuildOperationRef.with(CurrentBuildOperationRef.java:85)
	at org.gradle.execution.taskgraph.DefaultTaskExecutionGraph$BuildOperationAwareExecutionAction.execute(DefaultTaskExecutionGraph.java:314)
	at org.gradle.execution.taskgraph.DefaultTaskExecutionGraph$BuildOperationAwareExecutionAction.execute(DefaultTaskExecutionGraph.java:303)
	at org.gradle.execution.plan.DefaultPlanExecutor$ExecutorWorker.execute(DefaultPlanExecutor.java:459)
	at org.gradle.execution.plan.DefaultPlanExecutor$ExecutorWorker.run(DefaultPlanExecutor.java:376)
	at org.gradle.internal.concurrent.ExecutorPolicy$CatchAndRecordFailures.onExecute(ExecutorPolicy.java:64)
	at org.gradle.internal.concurrent.AbstractManagedExecutor$1.run(AbstractManagedExecutor.java:48)
	at java.base@17.0.16/java.util.concurrent.ThreadPoolExecutor.runWorker(ThreadPoolExecutor.java:1136)
	at java.base@17.0.16/java.util.concurrent.ThreadPoolExecutor$Worker.run(ThreadPoolExecutor.java:635)
	at java.base@17.0.16/java.lang.Thread.run(Thread.java:840)

FAILURE: Build failed with an exception.

* What went wrong:
Execution failed for task ':app:installDebug'.
> java.util.concurrent.ExecutionException: com.android.builder.testing.api.DeviceException: com.android.ddmlib.InstallException: Unknown failure: Error: device is still booting.

* Try:
> Run with --stacktrace option to get the stack trace.
> Run with --info or --debug option to get more log output.
> Run with --scan to get full insights.
> Get more help at https://help.gradle.org.

BUILD FAILED in 21s
error Failed to install the app. Command failed with exit code 1: gradlew.bat app:installDebug 
-PreactNativeDevServerPort=8081
Unable to install C:\Users\sunny\CarPark\android\app\build\outputs\apk\debug\app-debug.apk 
com.android.ddmlib.InstallException: Unknown failure: Error: device is still booting. at 
com.android.ddmlib.IDeviceSharedImpl.installRemotePackage(IDeviceSharedImpl.java:344) at 
com.android.ddmlib.IDeviceSharedImpl.installPackage(IDeviceSharedImpl.java:367) at 
com.android.ddmlib.internal.DeviceImpl.lambda$installPackage$33(DeviceImpl.java:1470) at 
com.android.ddmlib.internal.DeviceImpl.logRun3(DeviceImpl.java:1833) at 
com.android.ddmlib.internal.DeviceImpl.installPackage(DeviceImpl.java:1467) at 
com.android.ddmlib.internal.DeviceImpl.lambda$installPackage$32(DeviceImpl.java:1447) at 
com.android.ddmlib.internal.DeviceImpl.logRun3(DeviceImpl.java:1833) at 
com.android.ddmlib.internal.DeviceImpl.installPackage(DeviceImpl.java:1443) at 
com.android.ddmlib.internal.DeviceImpl.lambda$installPackage$31(DeviceImpl.java:1433) at 
com.android.ddmlib.internal.DeviceImpl.logRun3(DeviceImpl.java:1833) at 
com.android.ddmlib.internal.DeviceImpl.installPackage(DeviceImpl.java:1431) at 
com.android.build.gradle.internal.testing.ConnectedDevice.installPackage(ConnectedDevice.java:129) at 
com.android.build.gradle.internal.tasks.InstallVariantTask.installPackages(InstallVariantTask.java:214) at 
com.android.build.gradle.internal.tasks.InstallVariantTask.install(InstallVariantTask.java:187) at 
com.android.build.gradle.internal.tasks.InstallVariantTask.lambda$doTaskAction$1(InstallVariantTask.java:124) 
at com.android.builder.testing.api.DeviceProvider.use(DeviceProvider.java:55) at 
com.android.build.gradle.internal.tasks.InstallVariantTask.doTaskAction(InstallVariantTask.java:109) at com.and
roid.build.gradle.internal.tasks.NonIncrementalTask$taskAction$$inlined$recordTaskAction$1.invoke(BaseTask.kt:6
0) at com.android.build.gradle.internal.tasks.Blocks.recordSpan(Blocks.java:51) at 
com.android.build.gradle.internal.tasks.NonIncrementalTask.taskAction(NonIncrementalTask.kt:78) at 
java.base@17.0.16/jdk.internal.reflect.NativeMethodAccessorImpl.invoke0(Native Method) at 
java.base@17.0.16/jdk.internal.reflect.NativeMethodAccessorImpl.invoke(NativeMethodAccessorImpl.java:77) at jav
a.base@17.0.16/jdk.internal.reflect.DelegatingMethodAccessorImpl.invoke(DelegatingMethodAccessorImpl.java:43) 
at java.base@17.0.16/java.lang.reflect.Method.invoke(Method.java:569) at 
org.gradle.internal.reflect.JavaMethod.invoke(JavaMethod.java:125) at 
org.gradle.api.internal.project.taskfactory.StandardTaskAction.doExecute(StandardTaskAction.java:58) at 
org.gradle.api.internal.project.taskfactory.StandardTaskAction.execute(StandardTaskAction.java:51) at 
org.gradle.api.internal.project.taskfactory.StandardTaskAction.execute(StandardTaskAction.java:29) at 
org.gradle.api.internal.tasks.execution.TaskExecution$3.run(TaskExecution.java:244) at 
org.gradle.internal.operations.DefaultBuildOperationRunner$1.execute(DefaultBuildOperationRunner.java:30) at 
org.gradle.internal.operations.DefaultBuildOperationRunner$1.execute(DefaultBuildOperationRunner.java:27) at 
org.gradle.internal.operations.DefaultBuildOperationRunner$2.execute(DefaultBuildOperationRunner.java:67) at 
org.gradle.internal.operations.DefaultBuildOperationRunner$2.execute(DefaultBuildOperationRunner.java:60) at 
org.gradle.internal.operations.DefaultBuildOperationRunner.execute(DefaultBuildOperationRunner.java:167) at 
org.gradle.internal.operations.DefaultBuildOperationRunner.execute(DefaultBuildOperationRunner.java:60) at 
org.gradle.internal.operations.DefaultBuildOperationRunner.run(DefaultBuildOperationRunner.java:48) at 
org.gradle.api.internal.tasks.execution.TaskExecution.executeAction(TaskExecution.java:229) at 
org.gradle.api.internal.tasks.execution.TaskExecution.executeActions(TaskExecution.java:212) at 
org.gradle.api.internal.tasks.execution.TaskExecution.executeWithPreviousOutputFiles(TaskExecution.java:195) 
at org.gradle.api.internal.tasks.execution.TaskExecution.execute(TaskExecution.java:162) at 
org.gradle.internal.execution.steps.ExecuteStep.executeInternal(ExecuteStep.java:105) at 
org.gradle.internal.execution.steps.ExecuteStep.access$000(ExecuteStep.java:44) at 
org.gradle.internal.execution.steps.ExecuteStep$1.call(ExecuteStep.java:59) at 
org.gradle.internal.execution.steps.ExecuteStep$1.call(ExecuteStep.java:56) at org.gradle.internal.operations.D
efaultBuildOperationRunner$CallableBuildOperationWorker.execute(DefaultBuildOperationRunner.java:210) at org.gr
adle.internal.operations.DefaultBuildOperationRunner$CallableBuildOperationWorker.execute(DefaultBuildOperation
Runner.java:205) at 
org.gradle.internal.operations.DefaultBuildOperationRunner$2.execute(DefaultBuildOperationRunner.java:67) at 
org.gradle.internal.operations.DefaultBuildOperationRunner$2.execute(DefaultBuildOperationRunner.java:60) at 
org.gradle.internal.operations.DefaultBuildOperationRunner.execute(DefaultBuildOperationRunner.java:167) at 
org.gradle.internal.operations.DefaultBuildOperationRunner.execute(DefaultBuildOperationRunner.java:60) at 
org.gradle.internal.operations.DefaultBuildOperationRunner.call(DefaultBuildOperationRunner.java:54) at 
org.gradle.internal.execution.steps.ExecuteStep.execute(ExecuteStep.java:56) at 
org.gradle.internal.execution.steps.ExecuteStep.execute(ExecuteStep.java:44) at 
org.gradle.internal.execution.steps.CancelExecutionStep.execute(CancelExecutionStep.java:42) at 
org.gradle.internal.execution.steps.TimeoutStep.executeWithoutTimeout(TimeoutStep.java:75) at 
org.gradle.internal.execution.steps.TimeoutStep.execute(TimeoutStep.java:55) at 
org.gradle.internal.execution.steps.PreCreateOutputParentsStep.execute(PreCreateOutputParentsStep.java:50) at 
org.gradle.internal.execution.steps.PreCreateOutputParentsStep.execute(PreCreateOutputParentsStep.java:28) at 
org.gradle.internal.execution.steps.RemovePreviousOutputsStep.execute(RemovePreviousOutputsStep.java:67) at 
org.gradle.internal.execution.steps.RemovePreviousOutputsStep.execute(RemovePreviousOutputsStep.java:37) at 
org.gradle.internal.execution.steps.BroadcastChangingOutputsStep.execute(BroadcastChangingOutputsStep.java:61) 
at 
org.gradle.internal.execution.steps.BroadcastChangingOutputsStep.execute(BroadcastChangingOutputsStep.java:26) 
at org.gradle.internal.execution.steps.CaptureOutputsAfterExecutionStep.execute(CaptureOutputsAfterExecutionSte
p.java:69) at org.gradle.internal.execution.steps.CaptureOutputsAfterExecutionStep.execute(CaptureOutputsAfterE
xecutionStep.java:46) at 
org.gradle.internal.execution.steps.ResolveInputChangesStep.execute(ResolveInputChangesStep.java:40) at 
org.gradle.internal.execution.steps.ResolveInputChangesStep.execute(ResolveInputChangesStep.java:29) at 
org.gradle.internal.execution.steps.BuildCacheStep.executeWithoutCache(BuildCacheStep.java:189) at 
org.gradle.internal.execution.steps.BuildCacheStep.lambda$execute$1(BuildCacheStep.java:75) at 
org.gradle.internal.Either$Right.fold(Either.java:175) at 
org.gradle.internal.execution.caching.CachingState.fold(CachingState.java:62) at 
org.gradle.internal.execution.steps.BuildCacheStep.execute(BuildCacheStep.java:73) at 
org.gradle.internal.execution.steps.BuildCacheStep.execute(BuildCacheStep.java:48) at 
org.gradle.internal.execution.steps.StoreExecutionStateStep.execute(StoreExecutionStateStep.java:46) at 
org.gradle.internal.execution.steps.StoreExecutionStateStep.execute(StoreExecutionStateStep.java:35) at 
org.gradle.internal.execution.steps.SkipUpToDateStep.executeBecause(SkipUpToDateStep.java:75) at 
org.gradle.internal.execution.steps.SkipUpToDateStep.lambda$execute$2(SkipUpToDateStep.java:53) at 
java.base@17.0.16/java.util.Optional.orElseGet(Optional.java:364) at 
org.gradle.internal.execution.steps.SkipUpToDateStep.execute(SkipUpToDateStep.java:53) at 
org.gradle.internal.execution.steps.SkipUpToDateStep.execute(SkipUpToDateStep.java:35) at org.gradle.internal.e
xecution.steps.legacy.MarkSnapshottingInputsFinishedStep.execute(MarkSnapshottingInputsFinishedStep.java:37) 
at org.gradle.internal.execution.steps.legacy.MarkSnapshottingInputsFinishedStep.execute(MarkSnapshottingInputs
FinishedStep.java:27) at org.gradle.internal.execution.steps.ResolveIncrementalCachingStateStep.executeDelegate
(ResolveIncrementalCachingStateStep.java:49) at org.gradle.internal.execution.steps.ResolveIncrementalCachingSt
ateStep.executeDelegate(ResolveIncrementalCachingStateStep.java:27) at org.gradle.internal.execution.steps.Abst
ractResolveCachingStateStep.execute(AbstractResolveCachingStateStep.java:71) at org.gradle.internal.execution.s
teps.AbstractResolveCachingStateStep.execute(AbstractResolveCachingStateStep.java:39) at 
org.gradle.internal.execution.steps.ResolveChangesStep.execute(ResolveChangesStep.java:65) at 
org.gradle.internal.execution.steps.ResolveChangesStep.execute(ResolveChangesStep.java:36) at 
org.gradle.internal.execution.steps.ValidateStep.execute(ValidateStep.java:107) at 
org.gradle.internal.execution.steps.ValidateStep.execute(ValidateStep.java:56) at org.gradle.internal.execution
.steps.AbstractCaptureStateBeforeExecutionStep.execute(AbstractCaptureStateBeforeExecutionStep.java:64) at org.
gradle.internal.execution.steps.AbstractCaptureStateBeforeExecutionStep.execute(AbstractCaptureStateBeforeExecu
tionStep.java:43) at org.gradle.internal.execution.steps.AbstractSkipEmptyWorkStep.executeWithNonEmptySources(A
bstractSkipEmptyWorkStep.java:125) at 
org.gradle.internal.execution.steps.AbstractSkipEmptyWorkStep.execute(AbstractSkipEmptyWorkStep.java:56) at 
org.gradle.internal.execution.steps.AbstractSkipEmptyWorkStep.execute(AbstractSkipEmptyWorkStep.java:36) at org
.gradle.internal.execution.steps.legacy.MarkSnapshottingInputsStartedStep.execute(MarkSnapshottingInputsStarted
Step.java:38) at org.gradle.internal.execution.steps.LoadPreviousExecutionStateStep.execute(LoadPreviousExecuti
onStateStep.java:36) at org.gradle.internal.execution.steps.LoadPreviousExecutionStateStep.execute(LoadPrevious
ExecutionStateStep.java:23) at 
org.gradle.internal.execution.steps.HandleStaleOutputsStep.execute(HandleStaleOutputsStep.java:75) at 
org.gradle.internal.execution.steps.HandleStaleOutputsStep.execute(HandleStaleOutputsStep.java:41) at org.gradl
e.internal.execution.steps.AssignMutableWorkspaceStep.lambda$execute$0(AssignMutableWorkspaceStep.java:35) at 
org.gradle.api.internal.tasks.execution.TaskExecution$4.withWorkspace(TaskExecution.java:289) at 
org.gradle.internal.execution.steps.AssignMutableWorkspaceStep.execute(AssignMutableWorkspaceStep.java:31) at 
org.gradle.internal.execution.steps.AssignMutableWorkspaceStep.execute(AssignMutableWorkspaceStep.java:22) at 
org.gradle.internal.execution.steps.ChoosePipelineStep.execute(ChoosePipelineStep.java:40) at 
org.gradle.internal.execution.steps.ChoosePipelineStep.execute(ChoosePipelineStep.java:23) at org.gradle.intern
al.execution.steps.ExecuteWorkBuildOperationFiringStep.lambda$execute$2(ExecuteWorkBuildOperationFiringStep.jav
a:67) at java.base@17.0.16/java.util.Optional.orElseGet(Optional.java:364) at org.gradle.internal.execution.ste
ps.ExecuteWorkBuildOperationFiringStep.execute(ExecuteWorkBuildOperationFiringStep.java:67) at org.gradle.inter
nal.execution.steps.ExecuteWorkBuildOperationFiringStep.execute(ExecuteWorkBuildOperationFiringStep.java:39) 
at org.gradle.internal.execution.steps.IdentityCacheStep.execute(IdentityCacheStep.java:46) at 
org.gradle.internal.execution.steps.IdentityCacheStep.execute(IdentityCacheStep.java:34) at 
org.gradle.internal.execution.steps.IdentifyStep.execute(IdentifyStep.java:48) at 
org.gradle.internal.execution.steps.IdentifyStep.execute(IdentifyStep.java:35) at 
org.gradle.internal.execution.impl.DefaultExecutionEngine$1.execute(DefaultExecutionEngine.java:64) at org.grad
le.api.internal.tasks.execution.ExecuteActionsTaskExecuter.executeIfValid(ExecuteActionsTaskExecuter.java:127) 
at org.gradle.api.internal.tasks.execution.ExecuteActionsTaskExecuter.execute(ExecuteActionsTaskExecuter.java:1
16) at org.gradle.api.internal.tasks.execution.ProblemsTaskPathTrackingTaskExecuter.execute(ProblemsTaskPathTra
ckingTaskExecuter.java:41) at org.gradle.api.internal.tasks.execution.FinalizePropertiesTaskExecuter.execute(Fi
nalizePropertiesTaskExecuter.java:46) at org.gradle.api.internal.tasks.execution.ResolveTaskExecutionModeExecut
er.execute(ResolveTaskExecutionModeExecuter.java:51) at org.gradle.api.internal.tasks.execution.SkipTaskWithNoA
ctionsExecuter.execute(SkipTaskWithNoActionsExecuter.java:57) at 
org.gradle.api.internal.tasks.execution.SkipOnlyIfTaskExecuter.execute(SkipOnlyIfTaskExecuter.java:74) at 
org.gradle.api.internal.tasks.execution.CatchExceptionTaskExecuter.execute(CatchExceptionTaskExecuter.java:36) 
at 
org.gradle.api.internal.tasks.execution.EventFiringTaskExecuter$1.executeTask(EventFiringTaskExecuter.java:77) 
at org.gradle.api.internal.tasks.execution.EventFiringTaskExecuter$1.call(EventFiringTaskExecuter.java:55) at 
org.gradle.api.internal.tasks.execution.EventFiringTaskExecuter$1.call(EventFiringTaskExecuter.java:52) at org.
gradle.internal.operations.DefaultBuildOperationRunner$CallableBuildOperationWorker.execute(DefaultBuildOperati
onRunner.java:210) at org.gradle.internal.operations.DefaultBuildOperationRunner$CallableBuildOperationWorker.e
xecute(DefaultBuildOperationRunner.java:205) at 
org.gradle.internal.operations.DefaultBuildOperationRunner$2.execute(DefaultBuildOperationRunner.java:67) at 
org.gradle.internal.operations.DefaultBuildOperationRunner$2.execute(DefaultBuildOperationRunner.java:60) at 
org.gradle.internal.operations.DefaultBuildOperationRunner.execute(DefaultBuildOperationRunner.java:167) at 
org.gradle.internal.operations.DefaultBuildOperationRunner.execute(DefaultBuildOperationRunner.java:60) at 
org.gradle.internal.operations.DefaultBuildOperationRunner.call(DefaultBuildOperationRunner.java:54) at 
org.gradle.api.internal.tasks.execution.EventFiringTaskExecuter.execute(EventFiringTaskExecuter.java:52) at 
org.gradle.execution.plan.LocalTaskNodeExecutor.execute(LocalTaskNodeExecutor.java:42) at org.gradle.execution.
taskgraph.DefaultTaskExecutionGraph$InvokeNodeExecutorsAction.execute(DefaultTaskExecutionGraph.java:331) at or
g.gradle.execution.taskgraph.DefaultTaskExecutionGraph$InvokeNodeExecutorsAction.execute(DefaultTaskExecutionGr
aph.java:318) at org.gradle.execution.taskgraph.DefaultTaskExecutionGraph$BuildOperationAwareExecutionAction.la
mbda$execute$0(DefaultTaskExecutionGraph.java:314) at 
org.gradle.internal.operations.CurrentBuildOperationRef.with(CurrentBuildOperationRef.java:85) at org.gradle.ex
ecution.taskgraph.DefaultTaskExecutionGraph$BuildOperationAwareExecutionAction.execute(DefaultTaskExecutionGrap
h.java:314) at org.gradle.execution.taskgraph.DefaultTaskExecutionGraph$BuildOperationAwareExecutionAction.exec
ute(DefaultTaskExecutionGraph.java:303) at 
org.gradle.execution.plan.DefaultPlanExecutor$ExecutorWorker.execute(DefaultPlanExecutor.java:459) at 
org.gradle.execution.plan.DefaultPlanExecutor$ExecutorWorker.run(DefaultPlanExecutor.java:376) at 
org.gradle.internal.concurrent.ExecutorPolicy$CatchAndRecordFailures.onExecute(ExecutorPolicy.java:64) at 
org.gradle.internal.concurrent.AbstractManagedExecutor$1.run(AbstractManagedExecutor.java:48) at 
java.base@17.0.16/java.util.concurrent.ThreadPoolExecutor.runWorker(ThreadPoolExecutor.java:1136) at 
java.base@17.0.16/java.util.concurrent.ThreadPoolExecutor$Worker.run(ThreadPoolExecutor.java:635) at 
java.base@17.0.16/java.lang.Thread.run(Thread.java:840) FAILURE: Build failed with an exception. * What went 
wrong: Execution failed for task ':app:installDebug'. > java.util.concurrent.ExecutionException: 
com.android.builder.testing.api.DeviceException: com.android.ddmlib.InstallException: Unknown failure: Error: 
device is still booting. * Try: > Run with --stacktrace option to get the stack trace. > Run with --info or 
--debug option to get more log output. > Run with --scan to get full insights. > Get more help at 
https://help.gradle.org. BUILD FAILED in 21s.
info Run CLI with --verbose flag for more details.
